Microchip MPLAB XC8 Compiler V2.46

Linker command line:

-W-3 \
  --edf=C:\Program Files\Microchip\xc8\v2.46\pic\dat\20240104201356_en.msgs \
  -cn -h+dist/default/production\ECU.X.production.sym \
  --cmf=dist/default/production\ECU.X.production.cmf -z -Q16F877A \
  -oC:\Users\Pichau\AppData\Local\Temp\xcAsd38.\driver_tmp_3.o \
  --defsym=__MPLAB_BUILD=1 --fixupoverflow=error \
  -Mdist/default/production/ECU.X.production.map \
  --md=C:\Users\Pichau\AppData\Local\Temp\xcAsd38.\driver_tmp_0.dat -E1 \
  -ver=XC8 Compiler --acfsm=1493 -ACODE=00h-07FFhx4 -ASTRCODE=00h-01FFFh \
  -ASTRING=00h-0FFhx32 -ACONST=00h-0FFhx32 -AENTRY=00h-0FFhx32 \
  -ACOMMON=070h-07Fh -ABANK0=020h-06Fh -ABANK1=0A0h-0EFh \
  -ABANK2=0110h-016Fh -ABANK3=0190h-01EFh \
  -ARAM=020h-06Fh,0A0h-0EFh,0110h-016Fh,0190h-01EFh \
  -AABS1=020h-07Fh,0A0h-0EFh,0110h-016Fh,0190h-01EFh -ASFR0=00h-01Fh \
  -ASFR1=080h-09Fh -ASFR2=0100h-010Fh -ASFR3=0180h-018Fh \
  -ACONFIG=02007h-02007h -DCONFIG=2 -AIDLOC=02000h-02003h -DIDLOC=2 \
  -AEEDATA=00h-0FFh/02100h -peeprom_data=EEDATA -DEEDATA=2 -DCODE=2 \
  -DSTRCODE=2 -DSTRING=2 -DCONST=2 -DENTRY=2 \
  -preset_vec=00h,intentry=04h,sivt,init,end_init -ppowerup=CODE \
  -pcinit=CODE -pfunctab=ENTRY -k \
  C:\Users\Pichau\AppData\Local\Temp\xcAsd38.\driver_tmp_17.o \
  dist/default/production\ECU.X.production.o 

Object code version is 3.11

Machine type is 16F877A



                Name                               Link     Load   Length Selector   Space Scale
C:\Users\Pichau\AppData\Local\Temp\xcAsd38.\driver_tmp_17.o
                end_init                              C        C        3        8       0
                reset_vec                             0        0        3        0       0
                config                             2007     2007        1        0       4
dist/default/production\ECU.X.production.o
                cinit                                 F        F       41        8       0
                intentry                              4        4        8        8       0
                text6_split_1                       823      823      7DD     1046       0
                config                             2007     2007        1        0       4
                text35                             1D7F     1D7F       81     3AFE       0
                text34                             1096     1096       C8     212C       0
                text33                             1C4D     1C4D       5C     389A       0
                text32                             115E     115E       D0     22BC       0
                text31                             1E00     1E00       A2     3C00       0
                text30                             1B5D     1B5D       46     36BA       0
                text29                             1F46     1F46       BA     3E8C       0
                text28                             1000     1000        9     1046       0
                text27                             19D0     19D0        8     33A0       0
                text26                             19E0     19E0        B     33C0       0
                text25                             19F8     19F8       10     33F0       0
                text24                              5ED      5ED      1CF        8       0
                text23                             1BA3     1BA3       50     3746       0
                text22                             1EA2     1EA2       A4     3D44       0
                text21                             1AD0     1AD0       29     35A0       0
                text20                               50       50      345        8       0
                text19                             19EB     19EB        D     33D6       0
                text18                              395      395      258        8       0
                text17                             1A5D     1A5D       24     34BA       0
                text16                             1D07     1D07       78     3A0E       0
                text15                             1009     1009       8D     2012       0
                text14                             122E     122E      10F     245C       0
                text13                             1A08     1A08       17     3410       0
                text12                             1AA8     1AA8       28     3550       0
                text11                              7FF      7FF        1      FF4       0
                text10                             1BF3     1BF3       5A     37E6       0
                text9                              1AF9     1AF9       2A     35F2       0
                text8                              1B23     1B23       3A     3646       0
                text7                              1A1F     1A1F       1D     343E       0
                text6                              1466     1466      15D     28CC       0
                text5                              1A81     1A81       27     3502       0
                text4                              1CA9     1CA9       5E     3952       0
                text3                              133D     133D      129     267A       0
                text2                              1A3C     1A3C       21     3478       0
                text1                               800      800       23     1000       0
                maintext                           15C3     15C3      23D     2B86       0
                cstackBANK0                          20       20       50       20       1
                cstackCOMMON                         75       75        5       70       1
                cstackBANK1                          A0       A0       49       A0       1
                cstackBANK3                         190      190       27      190       1
                clrtext                            19D8     19D8        8     33B0       0
                bssBANK2                            110      110       50      110       1
                dataBANK3                           1CB      1CB        5      190       1
                bssBANK3                            1B7      1B7       14      190       1
                bssBANK1                             E9       E9        5       A0       1
                bssCOMMON                            70       70        5       70       1
                strings                             7BC      7BC       3E      F78       0
                idataBANK3                          7FA      7FA        5      FF4       0

TOTAL           Name                               Link     Load   Length     Space
        CLASS   CODE           
                end_init                              C        C        3         0
                cinit                                 F        F       41         0
                intentry                              4        4        8         0
                reset_vec                             0        0        3         0
                text6_split_1                       823      823      7DD         0
                text35                             1D7F     1D7F       81         0
                text34                             1096     1096       C8         0
                text33                             1C4D     1C4D       5C         0
                text32                             115E     115E       D0         0
                text31                             1E00     1E00       A2         0
                text30                             1B5D     1B5D       46         0
                text29                             1F46     1F46       BA         0
                text28                             1000     1000        9         0
                text27                             19D0     19D0        8         0
                text26                             19E0     19E0        B         0
                text25                             19F8     19F8       10         0
                text24                              5ED      5ED      1CF         0
                text23                             1BA3     1BA3       50         0
                text22                             1EA2     1EA2       A4         0
                text21                             1AD0     1AD0       29         0
                text20                               50       50      345         0
                text19                             19EB     19EB        D         0
                text18                              395      395      258         0
                text17                             1A5D     1A5D       24         0
                text16                             1D07     1D07       78         0
                text15                             1009     1009       8D         0
                text14                             122E     122E      10F         0
                text13                             1A08     1A08       17         0
                text12                             1AA8     1AA8       28         0
                text11                              7FF      7FF        1         0
                text10                             1BF3     1BF3       5A         0
                text9                              1AF9     1AF9       2A         0
                text8                              1B23     1B23       3A         0
                text7                              1A1F     1A1F       1D         0
                text6                              1466     1466      15D         0
                text5                              1A81     1A81       27         0
                text4                              1CA9     1CA9       5E         0
                text3                              133D     133D      129         0
                text2                              1A3C     1A3C       21         0
                text1                               800      800       23         0
                maintext                           15C3     15C3      23D         0
                clrtext                            19D8     19D8        8         0
                idataBANK3                          7FA      7FA        5         0

        CLASS   STRCODE        

        CLASS   STRING         
                strings                             7BC      7BC       3E         0

        CLASS   CONST          

        CLASS   ENTRY          

        CLASS   COMMON         
                cstackCOMMON                         75       75        5         1
                bssCOMMON                            70       70        5         1

        CLASS   BANK0          
                cstackBANK0                          20       20       50         1

        CLASS   BANK1          
                cstackBANK1                          A0       A0       49         1
                bssBANK1                             E9       E9        5         1

        CLASS   BANK2          
                bssBANK2                            110      110       50         1

        CLASS   BANK3          
                cstackBANK3                         190      190       27         1
                dataBANK3                           1CB      1CB        5         1
                bssBANK3                            1B7      1B7       14         1

        CLASS   RAM            

        CLASS   ABS1           
                abs_s1                               7E       7E        2         1

        CLASS   SFR0           

        CLASS   SFR1           

        CLASS   SFR2           

        CLASS   SFR3           

        CLASS   CONFIG         
                config                             2007     2007        1         4

        CLASS   IDLOC          

        CLASS   EEDATA         

        CLASS   HEAP           

        CLASS   STACK          



SEGMENTS        Name                           Load    Length   Top    Selector   Space  Class     Delta

                reset_vec                      000000  000003  000003         0       0  CODE        2
                intentry                       000004  0007B8  0007BC         8       0  CODE        2
                cstackBANK0                    000020  000050  000070        20       1  BANK0       1
                bssCOMMON                      000070  00000A  00007A        70       1  COMMON      1
                cstackBANK1                    0000A0  00004E  0000EE        A0       1  BANK1       1
                bssBANK2                       000110  000050  000160       110       1  BANK2       1
                cstackBANK3                    000190  000040  0001D0       190       1  BANK3       1
                strings                        0007BC  00003E  0007FA       F78       0  STRING      2
                idataBANK3                     0007FA  000006  000800       FF4       0  CODE        2
                text1                          000800  000023  000823      1000       0  CODE        2
                text6_split_1                  000823  0007E6  001009      1046       0  CODE        2
                text15                         001009  00008D  001096      2012       0  CODE        2
                text34                         001096  0000C8  00115E      212C       0  CODE        2
                text32                         00115E  0000D0  00122E      22BC       0  CODE        2
                text14                         00122E  00010F  00133D      245C       0  CODE        2
                text3                          00133D  000129  001466      267A       0  CODE        2
                text6                          001466  00015D  0015C3      28CC       0  CODE        2
                maintext                       0015C3  00023D  001800      2B86       0  CODE        2
                text27                         0019D0  000008  0019D8      33A0       0  CODE        2
                clrtext                        0019D8  000008  0019E0      33B0       0  CODE        2
                text26                         0019E0  00000B  0019EB      33C0       0  CODE        2
                text19                         0019EB  00000D  0019F8      33D6       0  CODE        2
                text25                         0019F8  000010  001A08      33F0       0  CODE        2
                text13                         001A08  000017  001A1F      3410       0  CODE        2
                text7                          001A1F  00001D  001A3C      343E       0  CODE        2
                text2                          001A3C  000021  001A5D      3478       0  CODE        2
                text17                         001A5D  000024  001A81      34BA       0  CODE        2
                text5                          001A81  000027  001AA8      3502       0  CODE        2
                text12                         001AA8  000028  001AD0      3550       0  CODE        2
                text21                         001AD0  000029  001AF9      35A0       0  CODE        2
                text9                          001AF9  00002A  001B23      35F2       0  CODE        2
                text8                          001B23  00003A  001B5D      3646       0  CODE        2
                text30                         001B5D  000046  001BA3      36BA       0  CODE        2
                text23                         001BA3  000050  001BF3      3746       0  CODE        2
                text10                         001BF3  00005A  001C4D      37E6       0  CODE        2
                text33                         001C4D  00005C  001CA9      389A       0  CODE        2
                text4                          001CA9  00005E  001D07      3952       0  CODE        2
                text16                         001D07  000078  001D7F      3A0E       0  CODE        2
                text35                         001D7F  000081  001E00      3AFE       0  CODE        2
                text31                         001E00  0000A2  001EA2      3C00       0  CODE        2
                text22                         001EA2  0000A4  001F46      3D44       0  CODE        2
                text29                         001F46  0000BA  002000      3E8C       0  CODE        2


UNUSED ADDRESS RANGES

        Name                Unused          Largest block    Delta
        BANK1            0000EE-0000EF                2           1
        BANK2            000160-00016F               10           1
        BANK3            0001D0-0001EF               20           1
        CODE             000003-000003                1           2
                         001800-0019CF              1D0
        COMMON           00007A-00007D                4           1
        CONST            000003-000003                1           2
                         001800-0019CF              100
        EEDATA           002100-0021FF              100           2
        ENTRY            000003-000003                1           2
                         001800-0019CF              100
        IDLOC            002000-002003                4           2
        RAM              0000EE-0000EF                2           1
                         000160-00016F               10
                         0001D0-0001EF               20
        SFR0             000000-00001F               20           1
        SFR1             000080-00009F               20           1
        SFR2             000100-00010F               10           1
        SFR3             000180-00018F               10           1
        STRCODE          000003-000003                1           2
                         001800-0019CF              1D0
        STRING           000003-000003                1           2
                         001800-0019CF              100

                                  Symbol Table

?__Umul8_16                 cstackBANK0  000020
?___fladd                   cstackBANK0  000020
?___fldiv                   cstackBANK0  00002E
?___flmul                   cstackBANK0  000048
?___flneg                   cstackBANK0  000020
?___flsub                   cstackBANK0  000062
?___fltol                   cstackBANK0  000020
?___fpclassifyf             cstackBANK0  000020
?___wmul                    cstackBANK0  000020
?___xxtofl                  cstackBANK0  000020
?_floorf                    cstackBANK0  000048
?_labs                      cstackBANK0  000020
?_read_ADC                  cstackBANK0  000020
?_read_prec_or_width        cstackBANK0  000026
?_sprintf                   cstackBANK1  0000E3
?_vfprintf                  cstackBANK1  0000DF
LCD_Init@cmd                cstackBANK0  00002D
LCD_Init@display            cstackBANK0  000026
LCD_Out@c                   cstackBANK0  000022
LCD_Write@c                 cstackBANK0  000025
LCD_putc@c                  cstackBANK0  000025
LCD_putrs@a                 cstackBANK0  000026
LCD_putrs@i                 cstackBANK0  00002B
_ADCON0                     (abs)        00001F
_ADCON0bits                 (abs)        00001F
_ADCON1                     (abs)        00009F
_ADRESH                     (abs)        00001E
_ADRESL                     (abs)        00009E
_INTCONbits                 (abs)        00000B
_ISR                        text35       001D7F
_LCD_Init                   text32       00115E
_LCD_Out                    text34       001096
_LCD_Write                  text33       001C4D
_LCD_putc                   text31       001E00
_LCD_putrs                  text30       001B5D
_OPTION_REGbits             (abs)        000081
_PIE1bits                   (abs)        00008C
_PIR1bits                   (abs)        00000C
_PORTA                      (abs)        000005
_PORTB                      (abs)        000006
_PORTC                      (abs)        000007
_PORTD                      (abs)        000008
_PORTE                      (abs)        000009
_RC3                        (abs)        00003B
_RC4                        (abs)        00003C
_T1CONbits                  (abs)        000010
_TMR1H                      (abs)        00000F
_TMR1L                      (abs)        00000E
_TRISA                      (abs)        000085
_TRISB                      (abs)        000086
_TRISC                      (abs)        000087
_TRISD                      (abs)        000088
_TRISE                      (abs)        000089
__H__absolute__             __absolute__ 000000
__Habs1                     abs1         000000
__Hbank0                    bank0        000000
__Hbank1                    bank1        000000
__Hbank2                    bank2        000000
__Hbank3                    bank3        000000
__HbssBANK1                 bssBANK1     000000
__HbssBANK2                 bssBANK2     000000
__HbssBANK3                 bssBANK3     000000
__HbssCOMMON                bssCOMMON    000000
__Hcinit                    cinit        000050
__Hclrtext                  clrtext      000000
__Hcode                     code         000000
__Hcommon                   common       000000
__Hconfig                   config       002008
__HcstackBANK0              cstackBANK0  000000
__HcstackBANK1              cstackBANK1  000000
__HcstackBANK3              cstackBANK3  000000
__HcstackCOMMON             cstackCOMMON 000000
__HdataBANK3                dataBANK3    000000
__Heeprom_data              eeprom_data  000000
__Hend_init                 end_init     00000F
__Hfunctab                  functab      000000
__Hheap                     heap         000000
__HidataBANK3               idataBANK3   000000
__Hinit                     init         00000C
__Hintentry                 intentry     00000C
__Hmaintext                 maintext     000000
__Hpowerup                  powerup      000000
__Hram                      ram          000000
__Hreset_vec                reset_vec    000003
__Hsfr0                     sfr0         000000
__Hsfr1                     sfr1         000000
__Hsfr2                     sfr2         000000
__Hsfr3                     sfr3         000000
__Hsivt                     sivt         00000C
__Hspace_0                  (abs)        002000
__Hspace_1                  (abs)        0001D0
__Hspace_2                  (abs)        000000
__Hspace_3                  (abs)        000000
__Hspace_4                  (abs)        00400F
__Hstack                    stack        000000
__Hstrings                  strings      000000
__Htext                     text         000000
__L__absolute__             __absolute__ 000000
__Labs1                     abs1         000000
__Lbank0                    bank0        000000
__Lbank1                    bank1        000000
__Lbank2                    bank2        000000
__Lbank3                    bank3        000000
__LbssBANK1                 bssBANK1     000000
__LbssBANK2                 bssBANK2     000000
__LbssBANK3                 bssBANK3     000000
__LbssCOMMON                bssCOMMON    000000
__Lcinit                    cinit        00000F
__Lclrtext                  clrtext      000000
__Lcode                     code         000000
__Lcommon                   common       000000
__Lconfig                   config       000000
__LcstackBANK0              cstackBANK0  000000
__LcstackBANK1              cstackBANK1  000000
__LcstackBANK3              cstackBANK3  000000
__LcstackCOMMON             cstackCOMMON 000000
__LdataBANK3                dataBANK3    000000
__Leeprom_data              eeprom_data  000000
__Lend_init                 end_init     00000C
__Lfunctab                  functab      000000
__Lheap                     heap         000000
__LidataBANK3               idataBANK3   000000
__Linit                     init         00000C
__Lintentry                 intentry     000004
__Lmaintext                 maintext     000000
__Lpowerup                  powerup      000000
__Lram                      ram          000000
__Lreset_vec                reset_vec    000000
__Lsfr0                     sfr0         000000
__Lsfr1                     sfr1         000000
__Lsfr2                     sfr2         000000
__Lsfr3                     sfr3         000000
__Lsivt                     sivt         00000C
__Lspace_0                  (abs)        000000
__Lspace_1                  (abs)        000000
__Lspace_2                  (abs)        000000
__Lspace_3                  (abs)        000000
__Lspace_4                  (abs)        000000
__Lstack                    stack        000000
__Lstrings                  strings      000000
__Ltext                     text         000000
__S0                        (abs)        002000
__S1                        (abs)        0001D0
__S3                        (abs)        000000
__Umul8_16                  text21       001AD0
__Umul8_16@multiplicand     cstackBANK0  000020
__Umul8_16@multiplier       cstackBANK0  000028
__Umul8_16@product          cstackBANK0  000024
__Umul8_16@word_mpld        cstackBANK0  000026
___fladd                    text18       000395
___fladd@a                  cstackBANK0  000024
___fladd@aexp               cstackBANK0  000031
___fladd@b                  cstackBANK0  000020
___fladd@bexp               cstackBANK0  000032
___fladd@grs                cstackBANK0  000033
___fladd@signs              cstackBANK0  000030
___fldiv                    text24       0005ED
___fldiv@a                  cstackBANK0  00002E
___fldiv@aexp               cstackBANK0  000047
___fldiv@b                  cstackBANK0  000032
___fldiv@bexp               cstackBANK0  000046
___fldiv@grs                cstackBANK0  000042
___fldiv@new_exp            cstackBANK0  000040
___fldiv@rem                cstackBANK0  00003B
___fldiv@sign               cstackBANK0  00003F
___fleq                     text23       001BA3
___fleq@ff1                 cstackBANK0  000020
___fleq@ff2                 cstackBANK0  000024
___flge                     text22       001EA2
___flge@ff1                 cstackBANK0  000062
___flge@ff2                 cstackBANK0  000066
___flmul                    text20       000050
___flmul@a                  cstackBANK0  00004C
___flmul@aexp               cstackBANK0  000056
___flmul@b                  cstackBANK0  000048
___flmul@bexp               cstackBANK0  00005B
___flmul@grs                cstackBANK0  000057
___flmul@prod               cstackBANK0  00005C
___flmul@sign               cstackBANK0  000055
___flmul@temp               cstackBANK0  000060
___flneg                    text19       0019EB
___flneg@f1                 cstackBANK0  000020
___flsub                    text17       001A5D
___flsub@a                  cstackBANK0  000062
___flsub@b                  cstackBANK0  000066
___fltol                    text16       001D07
___fltol@exp1               cstackBANK0  000029
___fltol@f1                 cstackBANK0  000020
___fltol@sign1              cstackBANK0  000028
___fpclassifyf              text15       001009
___fpclassifyf@F465         bssBANK3     0001BB
___fpclassifyf@e            cstackBANK0  00002A
___fpclassifyf@u            cstackBANK0  00002C
___fpclassifyf@x            cstackBANK0  000020
___heap_hi                  (abs)        000000
___heap_lo                  (abs)        000000
___int_sp                   stack        000000
___int_stack_hi             stack        000000
___int_stack_lo             stack        000000
___latbits                  (abs)        000002
___sp                       stack        000000
___stack_hi                 stack        000000
___stack_lo                 stack        000000
___stackhi                  (abs)        000000
___stacklo                  (abs)        000000
___wmul                     text5        001A81
___wmul@multiplicand        cstackBANK0  000022
___wmul@multiplier          cstackBANK0  000020
___wmul@product             cstackBANK0  000024
___xxtofl                   text29       001F46
___xxtofl@arg               cstackBANK0  00002A
___xxtofl@exp               cstackBANK0  000029
___xxtofl@sign              cstackBANK0  000028
___xxtofl@val               cstackBANK0  000020
__end_of_ISR                text35       001E00
__end_of_LCD_Init           text32       00122E
__end_of_LCD_Out            text34       00115E
__end_of_LCD_Write          text33       001CA9
__end_of_LCD_putc           text31       001EA2
__end_of_LCD_putrs          text30       001BA3
__end_of__Umul8_16          text21       001AF9
__end_of___fladd            text18       0005ED
__end_of___fldiv            text24       0007BC
__end_of___fleq             text23       001BF3
__end_of___flge             text22       001F46
__end_of___flmul            text20       000395
__end_of___flneg            text19       0019F8
__end_of___flsub            text17       001A81
__end_of___fltol            text16       001D7F
__end_of___fpclassifyf      text15       001096
__end_of___wmul             text5        001AA8
__end_of___xxtofl           text29       002000
__end_of__initialization    cinit        00004C
__end_of__stringtab         strings      0007CC
__end_of_efgtoa             text6_split_1 001000
__end_of_floorf             text14       00133D
__end_of_fputc              text10       001C4D
__end_of_fputs              text9        001B23
__end_of_init_ADC           text28       001009
__end_of_init_interrupt     text27       0019D8
__end_of_init_timer         text26       0019EB
__end_of_labs               text13       001A1F
__end_of_main               maintext     001800
__end_of_memcpy             text12       001AD0
__end_of_pad                text8        001B5D
__end_of_putch              text11       000800
__end_of_read_ADC           text25       001A08
__end_of_read_prec_or_width text4        001D07
__end_of_sprintf            text1        000823
__end_of_strcpy             text7        001A3C
__end_of_vfpfcnvrt          text3        001466
__end_of_vfprintf           text2        001A5D
__initialization            cinit        00000F
__pbssBANK1                 bssBANK1     0000E9
__pbssBANK2                 bssBANK2     000110
__pbssBANK3                 bssBANK3     0001B7
__pbssCOMMON                bssCOMMON    000070
__pcstackBANK0              cstackBANK0  000020
__pcstackBANK1              cstackBANK1  0000A0
__pcstackBANK3              cstackBANK3  000190
__pcstackCOMMON             cstackCOMMON 000075
__pdataBANK3                dataBANK3    0001CB
__pidataBANK3               idataBANK3   0007FA
__pintentry                 intentry     000004
__pmaintext                 maintext     0015C3
__pstrings                  strings      0007BC
__ptext1                    text1        000800
__ptext10                   text10       001BF3
__ptext11                   text11       0007FF
__ptext12                   text12       001AA8
__ptext13                   text13       001A08
__ptext14                   text14       00122E
__ptext15                   text15       001009
__ptext16                   text16       001D07
__ptext17                   text17       001A5D
__ptext18                   text18       000395
__ptext19                   text19       0019EB
__ptext2                    text2        001A3C
__ptext20                   text20       000050
__ptext21                   text21       001AD0
__ptext22                   text22       001EA2
__ptext23                   text23       001BA3
__ptext24                   text24       0005ED
__ptext25                   text25       0019F8
__ptext26                   text26       0019E0
__ptext27                   text27       0019D0
__ptext28                   text28       001000
__ptext29                   text29       001F46
__ptext3                    text3        00133D
__ptext30                   text30       001B5D
__ptext31                   text31       001E00
__ptext32                   text32       00115E
__ptext33                   text33       001C4D
__ptext34                   text34       001096
__ptext35                   text35       001D7F
__ptext4                    text4        001CA9
__ptext5                    text5        001A81
__ptext6                    text6        001466
__ptext7                    text7        001A1F
__ptext8                    text8        001B23
__ptext9                    text9        001AF9
__stringbase                strings      0007CB
__stringtab                 strings      0007BC
_acel_percent               bssBANK3     0001BF
_dbuf                       bssBANK2     000110
_efgtoa                     text6        001466
_efgtoa$921                 cstackBANK1  0000AF
_flags                      bssBANK1     0000ED
_floorf                     text14       00122E
_fputc                      text10       001BF3
_fputs                      text9        001AF9
_init_ADC                   text28       001000
_init_interrupt             text27       0019D0
_init_timer                 text26       0019E0
_labs                       text13       001A08
_lcd                        bssCOMMON    000070
_main                       maintext     0015C3
_memcpy                     text12       001AA8
_mode                       bssBANK3     0001CA
_pad                        text8        001B23
_prec                       bssBANK1     0000EB
_putch                      text11       0007FF
_read_ADC                   text25       0019F8
_read_prec_or_width         text4        001CA9
_sprintf                    text1        000800
_strcpy                     text7        001A1F
_timer_counter              bssBANK3     0001C7
_turbo_active               bssBANK3     0001C9
_turbo_timer                bssBANK3     0001C3
_vfpfcnvrt                  text3        00133D
_vfprintf                   text2        001A3C
_width                      bssBANK1     0000E9
btemp                       (abs)        00007E
clear_ram0                  clrtext      0019D8
efgtoa@c                    cstackBANK1  0000A4
efgtoa@d                    cstackBANK1  0000B4
efgtoa@e                    cstackBANK1  0000B9
efgtoa@f                    cstackBANK1  0000A0
efgtoa@fp                   cstackBANK1  0000B8
efgtoa@g                    cstackBANK1  0000CC
efgtoa@h                    cstackBANK1  0000C3
efgtoa@i                    cstackBANK1  0000C1
efgtoa@l                    cstackBANK1  0000C7
efgtoa@m                    cstackBANK1  0000B6
efgtoa@mode                 cstackBANK1  0000B2
efgtoa@n                    cstackBANK1  0000D0
efgtoa@ne                   cstackBANK1  0000A9
efgtoa@nmode                cstackBANK1  0000B3
efgtoa@ou                   cstackBANK1  0000BD
efgtoa@p                    cstackBANK1  0000AB
efgtoa@pp                   cstackBANK1  0000B1
efgtoa@sign                 cstackBANK1  0000CB
efgtoa@t                    cstackBANK1  0000AD
efgtoa@u                    cstackBANK1  0000D2
efgtoa@w                    cstackBANK1  0000BB
end_of_initialization       cinit        00004C
floorf@F521                 bssBANK3     0001B7
floorf@e                    cstackBANK0  000056
floorf@m                    cstackBANK0  000052
floorf@u                    cstackBANK0  000058
floorf@x                    cstackBANK0  000048
fputc@c                     cstackBANK0  000020
fputc@fp                    cstackBANK0  000022
fputs@c                     cstackBANK0  00002C
fputs@fp                    cstackBANK0  000028
fputs@i                     cstackBANK0  00002D
fputs@s                     cstackBANK0  00002B
interrupt_function          intentry     000004
intlevel0                   functab      000000
intlevel1                   functab      000000
intlevel2                   functab      000000
intlevel3                   functab      000000
intlevel4                   functab      000000
intlevel5                   functab      000000
labs@a                      cstackBANK0  000020
main@F1360                  dataBANK3    0001CB
main@adc_value              cstackBANK3  0001B5
main@buffer                 cstackBANK3  0001A0
main@lcd                    cstackBANK3  0001B0
memcpy@d                    cstackBANK0  000025
memcpy@d1                   cstackBANK0  000024
memcpy@n                    cstackBANK0  000021
memcpy@s                    cstackBANK0  000026
memcpy@s1                   cstackBANK0  000020
memcpy@tmp                  cstackBANK0  000023
pad@buf                     cstackBANK0  00002F
pad@fp                      cstackBANK0  000035
pad@i                       cstackBANK0  000033
pad@p                       cstackBANK0  000030
pnum$text6                  (abs)        000015
pnum$text6_split_1          (abs)        000035
psplit$0                    (abs)        150035
read_prec_or_width@ap       cstackBANK0  000026
read_prec_or_width@c        cstackBANK0  000028
read_prec_or_width@fmt      cstackBANK0  00002B
read_prec_or_width@n        cstackBANK0  000029
reset_vec                   reset_vec    000000
saved_w                     (abs)        00007E
sprintf@ap                  cstackBANK3  000191
sprintf@f                   cstackBANK3  000192
sprintf@fmt                 cstackBANK1  0000E3
sprintf@s                   cstackBANK3  000190
start                       init         00000C
start_initialization        cinit        00000F
strcpy@d                    cstackBANK0  000021
strcpy@dest                 cstackBANK0  000022
strcpy@src                  cstackBANK0  000020
vfpfcnvrt@ap                cstackBANK1  0000D7
vfpfcnvrt@c                 cstackBANK1  0000DC
vfpfcnvrt@convarg           cstackBANK1  0000D8
vfpfcnvrt@cp                cstackBANK1  0000DE
vfpfcnvrt@fmt               cstackBANK1  0000D6
vfpfcnvrt@fp                cstackBANK1  0000DD
vfprintf@ap                 cstackBANK1  0000E0
vfprintf@cfmt               cstackBANK1  0000E2
vfprintf@fmt                cstackBANK1  0000DF
vfprintf@fp                 cstackBANK1  0000E1
wtemp0                      (abs)        00007E


MODULE INFORMATION

Module		Function		Class		Link	Load	Size
C:\Program Files\Microchip\xc8\v2.46\pic\sources\c99\common\fltol.c
		___fltol       		CODE           	1D07	0000	120

C:\Program Files\Microchip\xc8\v2.46\pic\sources\c99\common\fltol.c estimated size: 120

C:\Program Files\Microchip\xc8\v2.46\pic\sources\c99\common\Umul8_16.c
		__Umul8_16     		CODE           	1AD0	0000	41

C:\Program Files\Microchip\xc8\v2.46\pic\sources\c99\common\Umul8_16.c estimated size: 41

C:\Program Files\Microchip\xc8\v2.46\pic\sources\c99\common\floorf.c
		_floorf        		CODE           	122E	0000	271

C:\Program Files\Microchip\xc8\v2.46\pic\sources\c99\common\floorf.c estimated size: 271

C:\Program Files\Microchip\xc8\v2.46\pic\sources\c99\common\nf_fputc.c
		_fputc         		CODE           	1BF3	0000	90

C:\Program Files\Microchip\xc8\v2.46\pic\sources\c99\common\nf_fputc.c estimated size: 90

ECU.c
		_ISR           		CODE           	1D7F	0000	129
		_main          		CODE           	15C3	0000	573
		_init_interrupt		CODE           	19D0	0000	8
		_init_ADC      		CODE           	1000	0000	9
		_init_timer    		CODE           	19E0	0000	11
		_read_ADC      		CODE           	19F8	0000	16

ECU.c estimated size: 746

C:\Program Files\Microchip\xc8\v2.46\pic\sources\c99\common\xxtofl.c
		___xxtofl      		CODE           	1F46	0000	186

C:\Program Files\Microchip\xc8\v2.46\pic\sources\c99\common\xxtofl.c estimated size: 186

C:\Program Files\Microchip\xc8\v2.46\pic\sources\c99\common\flneg.c
		___flneg       		CODE           	19EB	0000	13

C:\Program Files\Microchip\xc8\v2.46\pic\sources\c99\common\flneg.c estimated size: 13

C:\Program Files\Microchip\xc8\v2.46\pic\sources\c99\common\__fpclassifyf.c
		___fpclassifyf 		CODE           	1009	0000	141

C:\Program Files\Microchip\xc8\v2.46\pic\sources\c99\common\__fpclassifyf.c estimated size: 141

C:\Program Files\Microchip\xc8\v2.46\pic\sources\c99\common\sprcmul.c
		___flmul       		CODE           	0050	0000	837

C:\Program Files\Microchip\xc8\v2.46\pic\sources\c99\common\sprcmul.c estimated size: 837

C:\Program Files\Microchip\xc8\v2.46\pic\sources\c99\common\strcpy.c
		_strcpy        		CODE           	1A1F	0000	29

C:\Program Files\Microchip\xc8\v2.46\pic\sources\c99\common\strcpy.c estimated size: 29

C:\Program Files\Microchip\xc8\v2.46\pic\sources\c99\common\sprcdiv.c
		___fldiv       		CODE           	05ED	0000	463

C:\Program Files\Microchip\xc8\v2.46\pic\sources\c99\common\sprcdiv.c estimated size: 463

C:\Program Files\Microchip\xc8\v2.46\pic\sources\c99\common\fleq.c
		___fleq        		CODE           	1BA3	0000	80

C:\Program Files\Microchip\xc8\v2.46\pic\sources\c99\common\fleq.c estimated size: 80

C:\Program Files\Microchip\xc8\v2.46\pic\sources\c99\common\doprnt.c
		_read_prec_or_width		CODE           	1CA9	0000	94
		_vfpfcnvrt     		CODE           	133D	0000	297
		_efgtoa        		CODE           	1466	0000	2362
		_pad           		CODE           	1B23	0000	58
		_vfprintf      		CODE           	1A3C	0000	33

C:\Program Files\Microchip\xc8\v2.46\pic\sources\c99\common\doprnt.c estimated size: 2844

C:\Program Files\Microchip\xc8\v2.46\pic\sources\c99\common\nf_sprintf.c
		_sprintf       		CODE           	0800	0000	35

C:\Program Files\Microchip\xc8\v2.46\pic\sources\c99\common\nf_sprintf.c estimated size: 35

shared
		__stringtab    		STRING         	07BC	0000	16
		__initialization		CODE           	000F	0000	61

shared estimated size: 77

C:\Program Files\Microchip\xc8\v2.46\pic\sources\c99\common\putch.c
		_putch         		CODE           	07FF	0000	1

C:\Program Files\Microchip\xc8\v2.46\pic\sources\c99\common\putch.c estimated size: 1

C:\Program Files\Microchip\xc8\v2.46\pic\sources\c99\common\Umul16.c
		___wmul        		CODE           	1A81	0000	39

C:\Program Files\Microchip\xc8\v2.46\pic\sources\c99\common\Umul16.c estimated size: 39

C:\Program Files\Microchip\xc8\v2.46\pic\sources\c99\common\nf_fputs.c
		_fputs         		CODE           	1AF9	0000	42

C:\Program Files\Microchip\xc8\v2.46\pic\sources\c99\common\nf_fputs.c estimated size: 42

C:\Program Files\Microchip\xc8\v2.46\pic\sources\c99\common\sprcadd.c
		___flsub       		CODE           	1A5D	0000	36
		___fladd       		CODE           	0395	0000	600

C:\Program Files\Microchip\xc8\v2.46\pic\sources\c99\common\sprcadd.c estimated size: 636

lcd.c
		_LCD_Init      		CODE           	115E	0000	208
		_LCD_Out       		CODE           	1096	0000	200
		_LCD_putc      		CODE           	1E00	0000	162
		_LCD_putrs     		CODE           	1B5D	0000	70
		_LCD_Write     		CODE           	1C4D	0000	92

lcd.c estimated size: 732

C:\Program Files\Microchip\xc8\v2.46\pic\sources\c99\common\memcpy.c
		_memcpy        		CODE           	1AA8	0000	40

C:\Program Files\Microchip\xc8\v2.46\pic\sources\c99\common\memcpy.c estimated size: 40

C:\Program Files\Microchip\xc8\v2.46\pic\sources\c99\common\labs.c
		_labs          		CODE           	1A08	0000	23

C:\Program Files\Microchip\xc8\v2.46\pic\sources\c99\common\labs.c estimated size: 23

C:\Program Files\Microchip\xc8\v2.46\pic\sources\c99\common\flge.c
		___flge        		CODE           	1EA2	0000	164

C:\Program Files\Microchip\xc8\v2.46\pic\sources\c99\common\flge.c estimated size: 164

